// Jest Snapshot v1, https://goo.gl/fbAQLP

exports[`Menu rendering properly... 1`] = `
ReactWrapper {
  Symbol(enzyme.__unrendered__): <Item>
    Hello brother
  </Item>,
  Symbol(enzyme.__renderer__): Object {
    "batchedUpdates": [Function],
    "getNode": [Function],
    "render": [Function],
    "simulateError": [Function],
    "simulateEvent": [Function],
    "unmount": [Function],
  },
  Symbol(enzyme.__root__): [Circular],
  Symbol(enzyme.__node__): Object {
    "instance": null,
    "key": undefined,
    "nodeType": "function",
    "props": Object {
      "children": "Hello brother",
    },
    "ref": null,
    "rendered": Object {
      "instance": <div
        class="menu-list"
      >
        Hello brother
      </div>,
      "key": undefined,
      "nodeType": "host",
      "props": Object {
        "children": "Hello brother",
        "className": "menu-list",
        "onClick": [Function],
      },
      "ref": null,
      "rendered": Array [
        "Hello brother",
      ],
      "type": "div",
    },
    "type": [Function],
  },
  Symbol(enzyme.__nodes__): Array [
    Object {
      "instance": null,
      "key": undefined,
      "nodeType": "function",
      "props": Object {
        "children": "Hello brother",
      },
      "ref": null,
      "rendered": Object {
        "instance": <div
          class="menu-list"
        >
          Hello brother
        </div>,
        "key": undefined,
        "nodeType": "host",
        "props": Object {
          "children": "Hello brother",
          "className": "menu-list",
          "onClick": [Function],
        },
        "ref": null,
        "rendered": Array [
          "Hello brother",
        ],
        "type": "div",
      },
      "type": [Function],
    },
  ],
  Symbol(enzyme.__options__): Object {
    "adapter": ReactSixteenAdapter {
      "options": Object {
        "enableComponentDidUpdateOnSetState": true,
        "lifecycles": Object {
          "componentDidUpdate": Object {
            "onSetState": true,
          },
          "getDerivedStateFromProps": true,
          "getSnapshotBeforeUpdate": true,
          "setState": Object {
            "skipsComponentDidUpdateOnNullish": true,
          },
        },
      },
    },
  },
}
`;
